[2026-02-14 10:53:57] --- HEALER STARTUP ---
[2026-02-14 10:53:57] Launching Epsilon Bridge...
[2026-02-14 10:53:57] Analyzing failure...
[2026-02-14 10:53:57] Detected missing name 'math' in C:\Users\Media Server\EpsilonPrimeV2.1\tools\dummy_crash.py at line 6
[2026-02-14 10:53:57] Injecting 'import math' into C:\Users\Media Server\EpsilonPrimeV2.1\tools\dummy_crash.py
[2026-02-14 10:53:57] Fix applied. Killing stale process and restarting...
[2026-02-14 10:53:59] Bridge exited with code 1
[2026-02-14 10:54:04] Launching Epsilon Bridge...
[2026-02-14 10:54:04] Bridge exited with code 0
[2026-02-14 10:54:09] Launching Epsilon Bridge...
[2026-02-14 10:54:09] Bridge exited with code 0
[2026-02-14 10:54:14] Launching Epsilon Bridge...
[2026-02-14 10:54:14] Bridge exited with code 0
[2026-02-14 10:54:19] Launching Epsilon Bridge...
[2026-02-14 10:54:19] Bridge exited with code 0
[2026-02-14 10:54:24] Launching Epsilon Bridge...
[2026-02-14 10:54:24] Bridge exited with code 0
[2026-02-14 10:54:29] Launching Epsilon Bridge...
[2026-02-14 10:54:29] Bridge exited with code 0
[2026-02-14 10:54:34] Launching Epsilon Bridge...
[2026-02-14 10:54:34] Bridge exited with code 0
[2026-02-14 10:54:39] Launching Epsilon Bridge...
[2026-02-14 10:54:39] Bridge exited with code 0
[2026-02-14 10:54:44] Launching Epsilon Bridge...
[2026-02-14 10:54:44] Bridge exited with code 0
[2026-02-14 10:54:49] Launching Epsilon Bridge...
[2026-02-14 10:54:49] Bridge exited with code 0
[2026-02-14 10:54:54] Launching Epsilon Bridge...
[2026-02-14 10:54:54] Bridge exited with code 0
[2026-02-14 10:54:59] Launching Epsilon Bridge...
[2026-02-14 10:55:00] Bridge exited with code 0
[2026-02-14 10:55:05] Launching Epsilon Bridge...
[2026-02-14 10:55:05] Bridge exited with code 0
[2026-02-14 10:55:10] Launching Epsilon Bridge...
[2026-02-14 10:55:10] Bridge exited with code 0
[2026-02-14 10:55:15] Launching Epsilon Bridge...
[2026-02-14 10:55:15] Bridge exited with code 0
[2026-02-14 10:55:20] Launching Epsilon Bridge...
[2026-02-14 10:55:20] Bridge exited with code 0
[2026-02-14 10:55:25] Launching Epsilon Bridge...
[2026-02-14 10:55:25] Bridge exited with code 0
[2026-02-14 10:55:30] Launching Epsilon Bridge...
[2026-02-14 10:55:30] Bridge exited with code 0
[2026-02-14 10:55:35] Launching Epsilon Bridge...
[2026-02-14 10:55:35] Bridge exited with code 0
[2026-02-14 10:55:40] Launching Epsilon Bridge...
[2026-02-14 10:55:40] Bridge exited with code 0
[2026-02-14 10:55:45] Launching Epsilon Bridge...
[2026-02-14 10:55:45] Bridge exited with code 0
[2026-02-14 10:55:50] Launching Epsilon Bridge...
[2026-02-14 10:55:50] Bridge exited with code 0
[2026-02-14 10:55:55] Launching Epsilon Bridge...
[2026-02-14 10:55:55] Bridge exited with code 0
[2026-02-14 10:56:00] Launching Epsilon Bridge...
[2026-02-14 10:56:00] Bridge exited with code 0
[2026-02-14 10:56:05] Launching Epsilon Bridge...
[2026-02-14 10:56:05] Bridge exited with code 0
[2026-02-14 10:56:10] Launching Epsilon Bridge...
[2026-02-14 10:56:10] Bridge exited with code 0
[2026-02-14 10:56:15] Launching Epsilon Bridge...
[2026-02-14 10:56:15] Bridge exited with code 0
[2026-02-14 10:56:20] Launching Epsilon Bridge...
[2026-02-14 10:56:20] Bridge exited with code 0
[2026-02-14 10:56:25] Launching Epsilon Bridge...
[2026-02-14 10:56:26] Bridge exited with code 0
[2026-02-14 10:56:31] Launching Epsilon Bridge...
[2026-02-14 10:56:31] Bridge exited with code 0
[2026-02-14 10:56:36] Launching Epsilon Bridge...
[2026-02-14 10:56:36] Bridge exited with code 0
[2026-02-14 10:56:41] Launching Epsilon Bridge...
[2026-02-14 10:56:41] Bridge exited with code 0
[2026-02-14 10:56:46] Launching Epsilon Bridge...
[2026-02-14 10:56:46] Bridge exited with code 0
[2026-02-14 10:56:51] Launching Epsilon Bridge...
[2026-02-14 10:56:51] Bridge exited with code 0
[2026-02-14 10:56:56] Launching Epsilon Bridge...
[2026-02-14 10:56:56] Bridge exited with code 0
[2026-02-14 10:57:01] Launching Epsilon Bridge...
[2026-02-14 10:57:01] Bridge exited with code 0
[2026-02-14 10:57:06] Launching Epsilon Bridge...
[2026-02-14 10:57:06] Bridge exited with code 0
[2026-02-14 10:57:11] Launching Epsilon Bridge...
[2026-02-14 10:57:11] Bridge exited with code 0
[2026-02-14 10:57:16] Launching Epsilon Bridge...
[2026-02-14 10:57:16] Bridge exited with code 0
[2026-02-14 10:57:21] Launching Epsilon Bridge...
[2026-02-14 10:57:21] Bridge exited with code 0
[2026-02-14 10:57:26] Launching Epsilon Bridge...
[2026-02-14 10:57:26] Bridge exited with code 0
[2026-02-14 10:57:31] Launching Epsilon Bridge...
[2026-02-14 10:57:31] Bridge exited with code 0
[2026-02-14 10:57:36] Launching Epsilon Bridge...
[2026-02-14 10:57:36] Bridge exited with code 0
[2026-02-14 10:57:41] Launching Epsilon Bridge...
[2026-02-14 10:57:41] Bridge exited with code 0
[2026-02-14 10:57:46] Launching Epsilon Bridge...
[2026-02-14 10:57:47] Bridge exited with code 0
[2026-02-14 10:57:52] Launching Epsilon Bridge...
[2026-02-14 10:57:52] Bridge exited with code 0
[2026-02-14 10:57:57] Launching Epsilon Bridge...
[2026-02-14 10:57:57] Bridge exited with code 0
[2026-02-14 10:58:02] Launching Epsilon Bridge...
[2026-02-14 10:58:02] Bridge exited with code 0
[2026-02-14 10:58:07] Launching Epsilon Bridge...
[2026-02-14 10:58:07] Bridge exited with code 0
[2026-02-14 10:58:12] Launching Epsilon Bridge...
[2026-02-14 10:58:12] Bridge exited with code 0
[2026-02-14 10:58:17] Launching Epsilon Bridge...
[2026-02-14 10:58:17] Bridge exited with code 0
[2026-02-14 10:58:22] Launching Epsilon Bridge...
[2026-02-14 10:58:22] Bridge exited with code 0
[2026-02-14 10:58:27] Launching Epsilon Bridge...
[2026-02-14 10:58:27] Bridge exited with code 0
[2026-02-14 10:58:32] Launching Epsilon Bridge...
[2026-02-14 10:58:32] Bridge exited with code 0
[2026-02-14 10:58:37] Launching Epsilon Bridge...
[2026-02-14 10:58:37] Bridge exited with code 0
[2026-02-14 10:58:42] Launching Epsilon Bridge...
[2026-02-14 10:58:42] Bridge exited with code 0
[2026-02-14 10:58:47] Launching Epsilon Bridge...
[2026-02-14 10:58:47] Bridge exited with code 0
[2026-02-14 10:58:52] Launching Epsilon Bridge...
[2026-02-14 10:58:52] Bridge exited with code 0
[2026-02-14 10:58:57] Launching Epsilon Bridge...
[2026-02-14 10:58:57] Bridge exited with code 0
[2026-02-14 10:59:02] Launching Epsilon Bridge...
[2026-02-14 10:59:02] Bridge exited with code 0
[2026-02-14 10:59:07] Launching Epsilon Bridge...
[2026-02-14 10:59:08] Bridge exited with code 0
[2026-02-14 10:59:13] Launching Epsilon Bridge...
[2026-02-14 10:59:13] Bridge exited with code 0
[2026-02-14 10:59:18] Launching Epsilon Bridge...
[2026-02-14 10:59:18] Bridge exited with code 0
[2026-02-14 10:59:23] Launching Epsilon Bridge...
[2026-02-14 10:59:23] Bridge exited with code 0
[2026-02-14 10:59:28] Launching Epsilon Bridge...
[2026-02-14 10:59:28] Bridge exited with code 0
[2026-02-14 10:59:33] Launching Epsilon Bridge...
[2026-02-14 10:59:33] Bridge exited with code 0
[2026-02-14 10:59:38] Launching Epsilon Bridge...
[2026-02-14 10:59:38] Bridge exited with code 0
[2026-02-14 10:59:43] Launching Epsilon Bridge...
[2026-02-14 10:59:43] Bridge exited with code 0
[2026-02-14 10:59:48] Launching Epsilon Bridge...
[2026-02-14 10:59:48] Bridge exited with code 0
[2026-02-14 10:59:53] Launching Epsilon Bridge...
[2026-02-14 10:59:53] Bridge exited with code 0
[2026-02-14 10:59:58] Launching Epsilon Bridge...
[2026-02-14 10:59:58] Bridge exited with code 0
[2026-02-14 11:00:03] Launching Epsilon Bridge...
[2026-02-14 11:00:03] Bridge exited with code 0
[2026-02-14 11:00:08] Launching Epsilon Bridge...
[2026-02-14 11:00:08] Bridge exited with code 0
[2026-02-14 11:00:13] Launching Epsilon Bridge...
[2026-02-14 11:00:13] Bridge exited with code 0
[2026-02-14 11:00:18] Launching Epsilon Bridge...
[2026-02-14 11:00:18] Bridge exited with code 0
[2026-02-14 11:00:23] Launching Epsilon Bridge...
[2026-02-14 11:00:23] Bridge exited with code 0
[2026-02-14 11:00:28] Launching Epsilon Bridge...
[2026-02-14 11:00:28] Bridge exited with code 0
[2026-02-14 11:00:33] Launching Epsilon Bridge...
[2026-02-14 11:00:34] Bridge exited with code 0
[2026-02-14 11:00:39] Launching Epsilon Bridge...
[2026-02-14 11:00:39] Bridge exited with code 0
[2026-02-14 11:00:44] Launching Epsilon Bridge...
[2026-02-14 11:00:44] Bridge exited with code 0
[2026-02-14 11:00:49] Launching Epsilon Bridge...
[2026-02-14 11:00:49] Bridge exited with code 0
[2026-02-14 11:00:54] Launching Epsilon Bridge...
[2026-02-14 11:00:54] Bridge exited with code 0
[2026-02-14 11:00:59] Launching Epsilon Bridge...
[2026-02-14 11:00:59] Bridge exited with code 0
[2026-02-14 11:01:04] Launching Epsilon Bridge...
[2026-02-14 11:01:04] Bridge exited with code 0
[2026-02-14 11:01:09] Launching Epsilon Bridge...
[2026-02-14 11:01:09] Bridge exited with code 0
[2026-02-14 11:01:14] Launching Epsilon Bridge...
[2026-02-14 11:01:14] Bridge exited with code 0
[2026-02-14 11:01:19] Launching Epsilon Bridge...
[2026-02-14 11:01:19] Bridge exited with code 0
[2026-02-14 11:01:24] Launching Epsilon Bridge...
[2026-02-14 11:01:24] Bridge exited with code 0
[2026-02-14 11:01:29] Launching Epsilon Bridge...
[2026-02-14 11:01:29] Bridge exited with code 0
[2026-02-14 11:01:34] Launching Epsilon Bridge...
[2026-02-14 11:01:34] Bridge exited with code 0
[2026-02-14 11:01:39] Launching Epsilon Bridge...
[2026-02-14 11:01:39] Bridge exited with code 0
[2026-02-14 11:01:44] Launching Epsilon Bridge...
[2026-02-14 11:01:44] Bridge exited with code 0
[2026-02-14 11:01:49] Launching Epsilon Bridge...
[2026-02-14 11:01:49] Bridge exited with code 0
[2026-02-14 11:01:54] Launching Epsilon Bridge...
[2026-02-14 11:01:55] Bridge exited with code 0
[2026-02-14 11:02:00] Launching Epsilon Bridge...
[2026-02-14 11:02:00] Bridge exited with code 0
[2026-02-14 11:02:05] Launching Epsilon Bridge...
[2026-02-14 11:02:05] Bridge exited with code 0
[2026-02-14 11:02:10] Launching Epsilon Bridge...
[2026-02-14 11:02:10] Bridge exited with code 0
[2026-02-14 11:02:15] Launching Epsilon Bridge...
[2026-02-14 11:02:15] Bridge exited with code 0
[2026-02-14 11:02:20] Launching Epsilon Bridge...
[2026-02-14 11:02:20] Bridge exited with code 0
[2026-02-14 11:02:25] Launching Epsilon Bridge...
[2026-02-14 11:02:25] Bridge exited with code 0
[2026-02-14 11:02:30] Launching Epsilon Bridge...
[2026-02-14 11:02:30] Bridge exited with code 0
[2026-02-14 11:02:35] Launching Epsilon Bridge...
[2026-02-14 11:02:35] Bridge exited with code 0
[2026-02-14 11:02:40] Launching Epsilon Bridge...
[2026-02-14 11:02:40] Bridge exited with code 0
[2026-02-14 11:02:45] Launching Epsilon Bridge...
[2026-02-14 11:02:45] Bridge exited with code 0
[2026-02-14 11:02:50] Launching Epsilon Bridge...
[2026-02-14 11:02:50] Bridge exited with code 0
[2026-02-14 11:02:55] Launching Epsilon Bridge...
[2026-02-14 11:02:55] Bridge exited with code 0
[2026-02-14 11:03:00] Launching Epsilon Bridge...
[2026-02-14 11:03:00] Bridge exited with code 0
[2026-02-14 11:03:05] Launching Epsilon Bridge...
[2026-02-14 11:03:05] Bridge exited with code 0
[2026-02-14 11:03:10] Launching Epsilon Bridge...
[2026-02-14 11:03:10] Bridge exited with code 0
[2026-02-14 11:03:15] Launching Epsilon Bridge...
[2026-02-14 11:03:16] Bridge exited with code 0
[2026-02-14 11:03:21] Launching Epsilon Bridge...
[2026-02-14 11:03:21] Bridge exited with code 0
[2026-02-14 11:03:26] Launching Epsilon Bridge...
[2026-02-14 11:03:26] Bridge exited with code 0
[2026-02-14 11:03:31] Launching Epsilon Bridge...
[2026-02-14 11:03:31] Bridge exited with code 0
[2026-02-14 11:03:36] Launching Epsilon Bridge...
[2026-02-14 11:03:36] Bridge exited with code 0
[2026-02-14 11:03:41] Launching Epsilon Bridge...
[2026-02-14 11:03:41] Bridge exited with code 0
[2026-02-14 11:03:46] Launching Epsilon Bridge...
[2026-02-14 11:03:46] Bridge exited with code 0
[2026-02-14 11:03:51] Launching Epsilon Bridge...
[2026-02-14 11:03:51] Bridge exited with code 0
[2026-02-14 11:03:56] Launching Epsilon Bridge...
[2026-02-14 11:03:56] Bridge exited with code 0
[2026-02-14 11:04:01] Launching Epsilon Bridge...
[2026-02-14 11:04:01] Bridge exited with code 0
[2026-02-14 11:04:06] Launching Epsilon Bridge...
[2026-02-14 11:04:06] Bridge exited with code 0
[2026-02-14 11:04:11] Launching Epsilon Bridge...
[2026-02-14 11:04:11] Bridge exited with code 0
[2026-02-14 11:04:16] Launching Epsilon Bridge...
[2026-02-14 11:04:16] Bridge exited with code 0
[2026-02-14 11:04:21] Launching Epsilon Bridge...
[2026-02-14 11:04:21] Bridge exited with code 0
[2026-02-14 11:04:26] Launching Epsilon Bridge...
[2026-02-14 11:04:26] Bridge exited with code 0
[2026-02-14 11:04:31] Launching Epsilon Bridge...
[2026-02-14 11:04:31] Bridge exited with code 0
[2026-02-14 11:04:36] Launching Epsilon Bridge...
[2026-02-14 11:04:37] Bridge exited with code 0
[2026-02-14 11:04:42] Launching Epsilon Bridge...
[2026-02-14 11:04:42] Bridge exited with code 0
[2026-02-14 11:04:47] Launching Epsilon Bridge...
[2026-02-14 11:04:47] Bridge exited with code 0
[2026-02-14 11:04:52] Launching Epsilon Bridge...
[2026-02-14 11:04:52] Bridge exited with code 0
[2026-02-14 11:04:57] Launching Epsilon Bridge...
[2026-02-14 11:04:57] Bridge exited with code 0
[2026-02-14 11:05:02] Launching Epsilon Bridge...
[2026-02-14 11:05:02] Bridge exited with code 0
[2026-02-14 11:05:07] Launching Epsilon Bridge...
[2026-02-14 11:05:07] Bridge exited with code 0
[2026-02-14 11:05:12] Launching Epsilon Bridge...
[2026-02-14 11:05:12] Bridge exited with code 0
[2026-02-14 11:05:17] Launching Epsilon Bridge...
[2026-02-14 11:05:17] Bridge exited with code 0
[2026-02-14 11:05:22] Launching Epsilon Bridge...
[2026-02-14 11:05:22] Bridge exited with code 0
[2026-02-14 11:05:27] Launching Epsilon Bridge...
[2026-02-14 11:05:27] Bridge exited with code 0
[2026-02-14 11:05:32] Launching Epsilon Bridge...
[2026-02-14 11:05:32] Bridge exited with code 0
[2026-02-14 11:05:37] Launching Epsilon Bridge...
[2026-02-14 11:05:37] Bridge exited with code 0
[2026-02-14 11:05:42] Launching Epsilon Bridge...
[2026-02-14 11:05:42] Bridge exited with code 0
[2026-02-14 11:05:47] Launching Epsilon Bridge...
[2026-02-14 11:05:47] Bridge exited with code 0
[2026-02-14 11:05:52] Launching Epsilon Bridge...
[2026-02-14 11:05:52] Bridge exited with code 0
[2026-02-14 11:05:57] Launching Epsilon Bridge...
[2026-02-14 11:05:58] Bridge exited with code 0
[2026-02-14 11:06:03] Launching Epsilon Bridge...
[2026-02-14 11:06:03] Bridge exited with code 0
[2026-02-14 11:06:08] Launching Epsilon Bridge...
[2026-02-14 11:06:08] Bridge exited with code 0
[2026-02-14 11:06:13] Launching Epsilon Bridge...
[2026-02-14 11:06:13] Bridge exited with code 0
[2026-02-14 11:06:18] Launching Epsilon Bridge...
[2026-02-14 11:06:18] Bridge exited with code 0
[2026-02-14 11:06:23] Launching Epsilon Bridge...
[2026-02-14 11:06:23] Bridge exited with code 0
[2026-02-14 11:06:28] Launching Epsilon Bridge...
[2026-02-14 11:06:28] Bridge exited with code 0
[2026-02-14 11:06:33] Launching Epsilon Bridge...
[2026-02-14 11:06:33] Bridge exited with code 0
[2026-02-14 11:06:38] Launching Epsilon Bridge...
[2026-02-14 11:06:38] Bridge exited with code 0
[2026-02-14 11:06:43] Launching Epsilon Bridge...
[2026-02-14 11:06:43] Bridge exited with code 0
[2026-02-14 11:06:48] Launching Epsilon Bridge...
[2026-02-14 11:06:48] Bridge exited with code 0
[2026-02-14 11:06:53] Launching Epsilon Bridge...
[2026-02-14 11:06:53] Bridge exited with code 0
[2026-02-14 11:06:58] Launching Epsilon Bridge...
[2026-02-14 11:06:58] Bridge exited with code 0
[2026-02-14 11:07:03] Launching Epsilon Bridge...
[2026-02-14 11:07:03] Bridge exited with code 0
[2026-02-14 11:07:08] Launching Epsilon Bridge...
[2026-02-14 11:07:08] Bridge exited with code 0
[2026-02-14 11:07:13] Launching Epsilon Bridge...
[2026-02-14 11:07:13] Bridge exited with code 0
[2026-02-14 11:07:18] Launching Epsilon Bridge...
[2026-02-14 11:07:18] Bridge exited with code 0
[2026-02-14 11:07:23] Launching Epsilon Bridge...
[2026-02-14 11:07:24] Bridge exited with code 0
[2026-02-14 11:07:29] Launching Epsilon Bridge...
[2026-02-14 11:07:29] Bridge exited with code 0
[2026-02-14 11:07:34] Launching Epsilon Bridge...
[2026-02-14 11:07:34] Bridge exited with code 0
[2026-02-14 11:07:39] Launching Epsilon Bridge...
[2026-02-14 11:07:39] Bridge exited with code 0
[2026-02-14 11:07:44] Launching Epsilon Bridge...
[2026-02-14 11:07:44] Bridge exited with code 0
[2026-02-14 11:07:49] Launching Epsilon Bridge...
[2026-02-14 11:07:49] Bridge exited with code 0
[2026-02-14 11:07:54] Launching Epsilon Bridge...
[2026-02-14 11:07:54] Bridge exited with code 0
[2026-02-14 11:07:59] Launching Epsilon Bridge...
[2026-02-14 11:07:59] Bridge exited with code 0
[2026-02-14 11:08:04] Launching Epsilon Bridge...
[2026-02-14 11:08:04] Bridge exited with code 0
[2026-02-14 11:08:09] Launching Epsilon Bridge...
[2026-02-14 11:08:09] Bridge exited with code 0
[2026-02-14 11:08:14] Launching Epsilon Bridge...
[2026-02-14 11:08:14] Bridge exited with code 0
[2026-02-14 11:08:19] Launching Epsilon Bridge...
[2026-02-14 11:08:19] Bridge exited with code 0
[2026-02-14 11:08:24] Launching Epsilon Bridge...
[2026-02-14 11:08:24] Bridge exited with code 0
[2026-02-14 11:08:29] Launching Epsilon Bridge...
[2026-02-14 11:08:29] Bridge exited with code 0
[2026-02-14 11:08:34] Launching Epsilon Bridge...
[2026-02-14 11:08:34] Bridge exited with code 0
[2026-02-14 11:08:39] Launching Epsilon Bridge...
[2026-02-14 11:08:40] Bridge exited with code 0
[2026-02-14 11:08:45] Launching Epsilon Bridge...
[2026-02-14 11:08:45] Bridge exited with code 0
[2026-02-14 11:08:50] Launching Epsilon Bridge...
[2026-02-14 11:08:50] Bridge exited with code 0
[2026-02-14 11:08:55] Launching Epsilon Bridge...
[2026-02-14 11:08:55] Bridge exited with code 0
[2026-02-14 11:09:00] Launching Epsilon Bridge...
[2026-02-14 11:09:00] Bridge exited with code 0
[2026-02-14 11:09:05] Launching Epsilon Bridge...
[2026-02-14 11:09:05] Bridge exited with code 0
[2026-02-14 11:09:10] Launching Epsilon Bridge...
[2026-02-14 11:09:10] Bridge exited with code 0
[2026-02-14 11:09:15] Launching Epsilon Bridge...
[2026-02-14 11:09:15] Bridge exited with code 0
[2026-02-14 11:09:20] Launching Epsilon Bridge...
[2026-02-14 11:09:20] Bridge exited with code 0
[2026-02-14 11:09:25] Launching Epsilon Bridge...
[2026-02-14 11:09:25] Bridge exited with code 0
[2026-02-14 11:09:30] Launching Epsilon Bridge...
[2026-02-14 11:09:30] Bridge exited with code 0
[2026-02-14 11:09:35] Launching Epsilon Bridge...
[2026-02-14 11:09:35] Bridge exited with code 0
[2026-02-14 11:09:40] Launching Epsilon Bridge...
[2026-02-14 11:09:40] Bridge exited with code 0
[2026-02-14 11:09:45] Launching Epsilon Bridge...
[2026-02-14 11:09:45] Bridge exited with code 0
[2026-02-14 11:09:50] Launching Epsilon Bridge...
[2026-02-14 11:09:50] Bridge exited with code 0
[2026-02-14 11:09:55] Launching Epsilon Bridge...
[2026-02-14 11:09:55] Bridge exited with code 0
[2026-02-14 11:10:00] Launching Epsilon Bridge...
[2026-02-14 11:10:00] Bridge exited with code 0
[2026-02-14 11:10:05] Launching Epsilon Bridge...
[2026-02-14 11:10:06] Bridge exited with code 0
[2026-02-14 11:10:11] Launching Epsilon Bridge...
[2026-02-14 11:10:11] Bridge exited with code 0
[2026-02-14 11:10:16] Launching Epsilon Bridge...
[2026-02-14 11:10:16] Bridge exited with code 0
[2026-02-14 11:10:21] Launching Epsilon Bridge...
[2026-02-14 11:10:21] Bridge exited with code 0
[2026-02-14 11:10:26] Launching Epsilon Bridge...
[2026-02-14 11:10:26] Bridge exited with code 0
[2026-02-14 11:10:31] Launching Epsilon Bridge...
[2026-02-14 11:10:31] Bridge exited with code 0
[2026-02-14 11:10:36] Launching Epsilon Bridge...
[2026-02-14 11:10:36] Bridge exited with code 0
[2026-02-14 11:10:41] Launching Epsilon Bridge...
[2026-02-14 11:10:41] Bridge exited with code 0
[2026-02-14 11:10:46] Launching Epsilon Bridge...
[2026-02-14 11:10:46] Bridge exited with code 0
[2026-02-14 11:10:51] Launching Epsilon Bridge...
[2026-02-14 11:10:51] Bridge exited with code 0
[2026-02-14 11:10:56] Launching Epsilon Bridge...
[2026-02-14 11:10:56] Bridge exited with code 0
[2026-02-14 11:11:01] Launching Epsilon Bridge...
[2026-02-14 11:11:01] Bridge exited with code 0
[2026-02-14 11:11:06] Launching Epsilon Bridge...
[2026-02-14 11:11:06] Bridge exited with code 0
[2026-02-14 11:11:11] Launching Epsilon Bridge...
[2026-02-14 11:11:11] Bridge exited with code 0
[2026-02-14 11:11:16] Launching Epsilon Bridge...
[2026-02-14 11:11:16] Bridge exited with code 0
[2026-02-14 11:11:21] Launching Epsilon Bridge...
[2026-02-14 11:11:21] Bridge exited with code 0
[2026-02-14 11:11:26] Launching Epsilon Bridge...
[2026-02-14 11:11:27] Bridge exited with code 0
[2026-02-14 11:11:32] Launching Epsilon Bridge...
[2026-02-14 11:11:32] Bridge exited with code 0
[2026-02-14 11:11:37] Launching Epsilon Bridge...
[2026-02-14 11:11:37] Bridge exited with code 0
[2026-02-14 11:11:42] Launching Epsilon Bridge...
[2026-02-14 11:11:42] Bridge exited with code 0
[2026-02-14 11:11:47] Launching Epsilon Bridge...
[2026-02-14 11:11:47] Bridge exited with code 0
[2026-02-14 11:11:52] Launching Epsilon Bridge...
[2026-02-14 11:11:52] Bridge exited with code 0
[2026-02-14 11:11:57] Launching Epsilon Bridge...
[2026-02-14 11:11:57] Bridge exited with code 0
[2026-02-14 11:12:02] Launching Epsilon Bridge...
[2026-02-14 11:12:02] Bridge exited with code 0
[2026-02-14 11:12:07] Launching Epsilon Bridge...
[2026-02-14 11:12:07] Bridge exited with code 0
[2026-02-14 11:12:12] Launching Epsilon Bridge...
[2026-02-14 11:12:12] Bridge exited with code 0
[2026-02-14 11:12:17] Launching Epsilon Bridge...
[2026-02-14 11:12:17] Bridge exited with code 0
[2026-02-14 11:12:22] Launching Epsilon Bridge...
[2026-02-14 11:12:22] Bridge exited with code 0
[2026-02-14 11:12:27] Launching Epsilon Bridge...
[2026-02-14 11:12:27] Bridge exited with code 0
[2026-02-14 11:12:32] Launching Epsilon Bridge...
[2026-02-14 11:12:32] Bridge exited with code 0
[2026-02-14 11:12:37] Launching Epsilon Bridge...
[2026-02-14 11:12:37] Bridge exited with code 0
[2026-02-14 11:12:42] Launching Epsilon Bridge...
[2026-02-14 11:12:42] Bridge exited with code 0
[2026-02-14 11:12:47] Launching Epsilon Bridge...
[2026-02-14 11:12:47] Bridge exited with code 0
[2026-02-14 11:12:52] Launching Epsilon Bridge...
[2026-02-14 11:12:53] Bridge exited with code 0
[2026-02-14 11:12:58] Launching Epsilon Bridge...
[2026-02-14 11:12:58] Bridge exited with code 0
[2026-02-14 11:13:03] Launching Epsilon Bridge...
[2026-02-14 11:13:03] Bridge exited with code 0
[2026-02-14 11:13:08] Launching Epsilon Bridge...
[2026-02-14 11:13:08] Bridge exited with code 0
[2026-02-14 11:13:13] Launching Epsilon Bridge...
[2026-02-14 11:13:13] Bridge exited with code 0
[2026-02-14 11:13:18] Launching Epsilon Bridge...
[2026-02-14 11:13:18] Bridge exited with code 0
[2026-02-14 11:13:23] Launching Epsilon Bridge...
[2026-02-14 11:13:23] Bridge exited with code 0
[2026-02-14 11:13:28] Launching Epsilon Bridge...
[2026-02-14 11:13:28] Bridge exited with code 0
[2026-02-14 11:13:33] Launching Epsilon Bridge...
[2026-02-14 11:13:33] Bridge exited with code 0
[2026-02-14 11:13:38] Launching Epsilon Bridge...
[2026-02-14 11:13:38] Bridge exited with code 0
[2026-02-14 11:13:43] Launching Epsilon Bridge...
[2026-02-14 11:13:43] Bridge exited with code 0
[2026-02-14 11:13:48] Launching Epsilon Bridge...
[2026-02-14 11:13:48] Bridge exited with code 0
[2026-02-14 11:13:53] Launching Epsilon Bridge...
[2026-02-14 11:13:53] Bridge exited with code 0
[2026-02-14 11:13:58] Launching Epsilon Bridge...
[2026-02-14 11:13:58] Bridge exited with code 0
[2026-02-14 11:14:03] Launching Epsilon Bridge...
[2026-02-14 11:14:03] Bridge exited with code 0
[2026-02-14 11:14:08] Launching Epsilon Bridge...
[2026-02-14 11:14:08] Bridge exited with code 0
[2026-02-14 11:14:13] Launching Epsilon Bridge...
[2026-02-14 11:14:14] Bridge exited with code 0
[2026-02-14 11:14:19] Launching Epsilon Bridge...
[2026-02-14 11:14:19] Bridge exited with code 0
[2026-02-14 11:14:24] Launching Epsilon Bridge...
[2026-02-14 11:14:24] Bridge exited with code 0
[2026-02-14 11:14:29] Launching Epsilon Bridge...
[2026-02-14 11:14:29] Bridge exited with code 0
[2026-02-14 11:14:34] Launching Epsilon Bridge...
[2026-02-14 11:14:34] Bridge exited with code 0
[2026-02-14 11:14:39] Launching Epsilon Bridge...
[2026-02-14 11:14:39] Bridge exited with code 0
[2026-02-14 11:14:44] Launching Epsilon Bridge...
[2026-02-14 11:14:44] Bridge exited with code 0
[2026-02-14 11:14:49] Launching Epsilon Bridge...
[2026-02-14 11:14:49] Bridge exited with code 0
[2026-02-14 11:14:54] Launching Epsilon Bridge...
[2026-02-14 11:14:54] Bridge exited with code 0
[2026-02-14 11:14:59] Launching Epsilon Bridge...
[2026-02-14 11:14:59] Bridge exited with code 0
[2026-02-14 11:15:04] Launching Epsilon Bridge...
[2026-02-14 11:15:04] Bridge exited with code 0
[2026-02-14 11:15:09] Launching Epsilon Bridge...
[2026-02-14 11:15:09] Bridge exited with code 0
[2026-02-14 11:15:14] Launching Epsilon Bridge...
[2026-02-14 11:15:14] Bridge exited with code 0
[2026-02-14 11:15:19] Launching Epsilon Bridge...
[2026-02-14 11:15:19] Bridge exited with code 0
[2026-02-14 11:15:24] Launching Epsilon Bridge...
[2026-02-14 11:15:24] Bridge exited with code 0
[2026-02-14 11:15:29] Launching Epsilon Bridge...
[2026-02-14 11:15:29] Bridge exited with code 0
[2026-02-14 11:15:34] Launching Epsilon Bridge...
[2026-02-14 11:15:35] Bridge exited with code 0
[2026-02-14 11:15:40] Launching Epsilon Bridge...
[2026-02-14 11:15:40] Bridge exited with code 0
[2026-02-14 11:15:45] Launching Epsilon Bridge...
[2026-02-14 11:15:45] Bridge exited with code 0
[2026-02-14 11:15:50] Launching Epsilon Bridge...
[2026-02-14 11:15:50] Bridge exited with code 0
[2026-02-14 11:15:55] Launching Epsilon Bridge...
[2026-02-14 11:15:55] Bridge exited with code 0
[2026-02-14 11:16:00] Launching Epsilon Bridge...
[2026-02-14 11:16:00] Bridge exited with code 0
[2026-02-14 11:16:05] Launching Epsilon Bridge...
[2026-02-14 11:16:05] Bridge exited with code 0
[2026-02-14 11:16:10] Launching Epsilon Bridge...
[2026-02-14 11:16:10] Bridge exited with code 0
[2026-02-14 11:16:15] Launching Epsilon Bridge...
[2026-02-14 11:16:15] Bridge exited with code 0
[2026-02-14 11:16:20] Launching Epsilon Bridge...
[2026-02-14 11:16:20] Bridge exited with code 0
[2026-02-14 11:16:25] Launching Epsilon Bridge...
[2026-02-14 11:16:25] Bridge exited with code 0
[2026-02-14 11:16:30] Launching Epsilon Bridge...
[2026-02-14 11:16:30] Bridge exited with code 0
[2026-02-14 11:16:35] Launching Epsilon Bridge...
[2026-02-14 11:16:35] Bridge exited with code 0
[2026-02-14 11:16:40] Launching Epsilon Bridge...
[2026-02-14 11:16:40] Bridge exited with code 0
[2026-02-14 11:16:45] Launching Epsilon Bridge...
[2026-02-14 11:16:45] Bridge exited with code 0
[2026-02-14 11:16:50] Launching Epsilon Bridge...
[2026-02-14 11:16:50] Bridge exited with code 0
[2026-02-14 11:16:55] Launching Epsilon Bridge...
[2026-02-14 11:16:56] Bridge exited with code 0
[2026-02-14 11:17:01] Launching Epsilon Bridge...
[2026-02-14 11:17:01] Bridge exited with code 0
[2026-02-14 11:17:06] Launching Epsilon Bridge...
[2026-02-14 11:17:06] Bridge exited with code 0
[2026-02-14 11:17:11] Launching Epsilon Bridge...
[2026-02-14 11:17:11] Bridge exited with code 0
[2026-02-14 11:17:16] Launching Epsilon Bridge...
[2026-02-14 11:17:16] Bridge exited with code 0
[2026-02-14 11:17:21] Launching Epsilon Bridge...
[2026-02-14 11:17:21] Bridge exited with code 0
[2026-02-14 11:17:26] Launching Epsilon Bridge...
[2026-02-14 11:17:26] Bridge exited with code 0
[2026-02-14 11:17:31] Launching Epsilon Bridge...
[2026-02-14 11:17:31] Bridge exited with code 0
[2026-02-14 11:17:36] Launching Epsilon Bridge...
[2026-02-14 11:17:36] Bridge exited with code 0
[2026-02-14 11:17:41] Launching Epsilon Bridge...
[2026-02-14 11:17:41] Bridge exited with code 0
[2026-02-14 11:17:46] Launching Epsilon Bridge...
[2026-02-14 11:17:46] Bridge exited with code 0
[2026-02-14 11:17:51] Launching Epsilon Bridge...
[2026-02-14 11:17:51] Bridge exited with code 0
[2026-02-14 11:17:56] Launching Epsilon Bridge...
[2026-02-14 11:17:56] Bridge exited with code 0
[2026-02-14 11:18:01] Launching Epsilon Bridge...
[2026-02-14 11:18:01] Bridge exited with code 0
[2026-02-14 11:18:06] Launching Epsilon Bridge...
[2026-02-14 11:18:06] Bridge exited with code 0
[2026-02-14 11:18:11] Launching Epsilon Bridge...
[2026-02-14 11:18:12] Bridge exited with code 0
